09:25:12 **** Incremental Build of configuration Debug for project blink_led ****
make all 
'Building file: ../src/helloworld.c'
'Invoking: MicroBlaze gcc compiler'
mb-gcc -Wall -O0 -g3 -c -fmessage-length=0 -MT"src/helloworld.o" -ID:/Work/OnDeviceAI2/0622_MicroBlaze_led_16/vitis_workspace/design_1_wrapper/export/design_1_wrapper/sw/design_1_wrapper/standalone_microblaze_0/bspinclude/include -mlittle-endian -mcpu=v11.0 -mxl-soft-mul -Wl,--no-relax -ffunction-sections -fdata-sections -MMD -MP -MF"src/helloworld.d" -MT"src/helloworld.o" -o "src/helloworld.o" "../src/helloworld.c"
'Finished building: ../src/helloworld.c'
' '
'Building target: blink_led.elf'
'Invoking: MicroBlaze gcc linker'
mb-gcc -Wl,-T -Wl,../src/lscript.ld -LD:/Work/OnDeviceAI2/0622_MicroBlaze_led_16/vitis_workspace/design_1_wrapper/export/design_1_wrapper/sw/design_1_wrapper/standalone_microblaze_0/bsplib/lib -mlittle-endian -mcpu=v11.0 -mxl-soft-mul -Wl,--no-relax -Wl,--gc-sections -o "blink_led.elf"  ./src/helloworld.o ./src/platform.o   -Wl,--start-group,-lxil,-lgcc,-lc,--end-group
'Finished building target: blink_led.elf'
' '
'Invoking: MicroBlaze Print Size'
mb-size blink_led.elf  |tee "blink_led.elf.size"
   text	   data	    bss	    dec	    hex	filename
   2024	    268	   3108	   5400	   1518	blink_led.elf
'Finished building: blink_led.elf.size'
' '

09:25:12 Build Finished (took 598ms)

